// 同步 ID: 12dedcf7 @ Fri Jul 24 18:22:01 UTC 2026
// 重构日志: d1a64ac6
// 重构日志: d0d29b20
// 重构日志: e6b2c9af
// 重构日志: 76f5e7fd
// 重构日志: f3a795a5
// 重构日志: 9d03b362
// 重构日志: 3ac3e808
// 重构日志: c2f8e0f2
// 重构日志: d28d8361
// 同步 ID: 2ce32c17 @ Thu Jul 30 07:38:19 UTC 2026
// 同步 ID: 165879d1 @ Thu Jul 30 17:08:47 UTC 2026
// 同步 ID: 86679541 @ Fri Jul 31 10:49:51 UTC 2026
// 重构日志: 76fbd9ec
// 同步 ID: 53b94e6a @ Sat Aug  1 12:33:31 UTC 2026
// 重构日志: 0336e669
// 同步 ID: 4e4054d1 @ Sat Aug  1 18:15:07 UTC 2026
// 同步 ID: 7407f320 @ Sun Aug  2 06:49:34 UTC 2026
// 重构日志: a5e985fb
// 重构日志: 8c8aa37c
// 同步 ID: 634a0a5d @ Mon Aug  3 04:57:28 UTC 2026
// 同步 ID: 1df5129a @ Mon Aug  3 08:07:10 UTC 2026
// 重构日志: b8b4873c
// 同步 ID: 8c6b2251 @ Tue Aug  4 10:41:57 UTC 2026
// 同步 ID: 01914f8e @ Thu Aug  6 04:29:00 UTC 2026
// 重构日志: c18a7e30
// 重构日志: 28c22187
// 重构日志: ec91785e
// 重构日志: 6680b0fe
// 同步 ID: 7c77615a @ Fri Aug  7 16:04:38 UTC 2026
